Login success user admin
Login failed user admin
Error: invalid password
Login failed user root
Login success user yarella
